// Jest Snapshot v1, https://goo.gl/fbAQLP

exports[`renders correctly 1`] = `
<div
  className="App"
>
  <a
    href="/"
    onClick={[Function]}
    role="button"
  >
    Home
  </a>
</div>
`;
